// Jest Snapshot v1, https://goo.gl/fbAQLP

exports[`renders <Footer /> correctly 1`] = `
<footer
  className="footer"
>
  <div
    className="app-details"
  >
    <span>
      Â© 2018
    </span>
    <span>
      Version 0.1
    </span>
    <span
      className=""
    >
      Sophia Grace Domfeh
    </span>
  </div>
  <div
    className="app-name"
  >
    <span
      className="word-count"
    >
      Word Count
    </span>
    <span
      className=""
    >
      Take home test
    </span>
  </div>
</footer>
`;
