// Jest Snapshot v1, https://goo.gl/fbAQLP

exports[`renders <Button> correctly 1`] = `
<input
  className="button"
  type="button"
  value="A button value"
/>
`;
