// Jest Snapshot v1, https://goo.gl/fbAQLP

exports[`renders <Logo /> correctly 1`] = `
Array [
  <h1
    className="title logo"
  >
    <span
      className="logo-left"
    >
      Short&
    </span>
    Memorable.
  </h1>,
  <h2
    className="subtitle"
  >
    Word.
  </h2>,
]
`;
